// Jest Snapshot v1, https://goo.gl/fbAQLP

exports[`Examples Example 1 1`] = `
Array [
  Array [
    "[object Model]",
  ],
  Array [
    "{
  \\"firstName\\": \\"Trygve\\",
  \\"lastName\\": \\"Reenskaug\\",
  \\"yearBorn\\": 1930
}",
  ],
]
`;
